2026-06-17T13:38:18.179+05:30  INFO 54840 --- [RECOMMENDATION-SERVICE] [main] .r.RecommendationServiceApplicationTests : Starting RecommendationServiceApplicationTests using Java 17.0.18 with PID 54840 (started by yayat in C:\Users\yayat\Desktop\IntelliHire\backend\recommendation-service)
2026-06-17T13:38:18.183+05:30 DEBUG 54840 --- [RECOMMENDATION-SERVICE] [main] .r.RecommendationServiceApplicationTests : Running with Spring Boot v4.0.6, Spring v7.0.7
2026-06-17T13:38:18.186+05:30  INFO 54840 --- [RECOMMENDATION-SERVICE] [main] .r.RecommendationServiceApplicationTests : No active profile set, falling back to 1 default profile: "default"
2026-06-17T13:38:18.329+05:30 DEBUG 54840 --- [RECOMMENDATION-SERVICE] [main] o.s.w.c.s.GenericWebApplicationContext   : Refreshing org.springframework.web.context.support.GenericWebApplicationContext@36a6bea6
2026-06-17T13:38:20.236+05:30 DEBUG 54840 --- [RECOMMENDATION-SERVICE] [main] o.s.c.openfeign.FeignClientsRegistrar$1  : Identified candidate component class: file [C:\Users\yayat\Desktop\IntelliHire\backend\recommendation-service\target\classes\com\intellihire\recommendation\client\AnalyticsClient.class]
2026-06-17T13:38:20.237+05:30 DEBUG 54840 --- [RECOMMENDATION-SERVICE] [main] o.s.c.openfeign.FeignClientsRegistrar$1  : Identified candidate component class: file [C:\Users\yayat\Desktop\IntelliHire\backend\recommendation-service\target\classes\com\intellihire\recommendation\client\JobClient.class]
2026-06-17T13:38:20.238+05:30 DEBUG 54840 --- [RECOMMENDATION-SERVICE] [main] o.s.c.openfeign.FeignClientsRegistrar$1  : Identified candidate component class: file [C:\Users\yayat\Desktop\IntelliHire\backend\recommendation-service\target\classes\com\intellihire\recommendation\client\UserClient.class]
2026-06-17T13:38:21.599+05:30  INFO 54840 --- [RECOMMENDATION-SERVICE] [main] o.s.cloud.context.scope.GenericScope     : BeanFactory id=52f8d197-3f8c-3e13-a131-a0fe06f67961
2026-06-17T13:38:22.164+05:30 DEBUG 54840 --- [RECOMMENDATION-SERVICE] [main] o.s.c.openfeign.FeignClientFactoryBean   : Creating a FeignClientFactoryBean.
2026-06-17T13:38:23.214+05:30  INFO 54840 --- [RECOMMENDATION-SERVICE] [main] o.s.c.openfeign.FeignClientFactoryBean   : For 'USER-SERVICE' URL not provided. Will try picking an instance via load-balancing.
2026-06-17T13:38:23.315+05:30 DEBUG 54840 --- [RECOMMENDATION-SERVICE] [main] o.s.c.openfeign.FeignClientFactoryBean   : Creating a FeignClientFactoryBean.
2026-06-17T13:38:23.356+05:30  INFO 54840 --- [RECOMMENDATION-SERVICE] [main] o.s.c.openfeign.FeignClientFactoryBean   : For 'JOB-SERVICE' URL not provided. Will try picking an instance via load-balancing.
2026-06-17T13:38:23.370+05:30 DEBUG 54840 --- [RECOMMENDATION-SERVICE] [main] o.s.c.openfeign.FeignClientFactoryBean   : Creating a FeignClientFactoryBean.
2026-06-17T13:38:23.433+05:30  INFO 54840 --- [RECOMMENDATION-SERVICE] [main] o.s.c.openfeign.FeignClientFactoryBean   : For 'ANALYTICS-SERVICE' URL not provided. Will try picking an instance via load-balancing.
2026-06-17T13:38:24.083+05:30 DEBUG 54840 --- [RECOMMENDATION-SERVICE] [main] s.w.s.m.m.a.RequestMappingHandlerMapping : 4 mappings in 'requestMappingHandlerMapping'
2026-06-17T13:38:24.224+05:30 DEBUG 54840 --- [RECOMMENDATION-SERVICE] [main] o.s.w.s.handler.SimpleUrlHandlerMapping  : Patterns [/webjars/**, /**] in 'resourceHandlerMapping'
2026-06-17T13:38:24.679+05:30 DEBUG 54840 --- [RECOMMENDATION-SERVICE] [main] s.w.s.m.m.a.RequestMappingHandlerAdapter : ControllerAdvice beans: 0 @ModelAttribute, 0 @InitBinder, 2 RequestBodyAdvice, 1 ResponseBodyAdvice
2026-06-17T13:38:24.848+05:30 DEBUG 54840 --- [RECOMMENDATION-SERVICE] [main] .m.m.a.ExceptionHandlerExceptionResolver : ControllerAdvice beans: 0 @ExceptionHandler, 1 ResponseBodyAdvice
2026-06-17T13:38:26.242+05:30  INFO 54840 --- [RECOMMENDATION-SERVICE] [main] DiscoveryClientOptionalArgsConfiguration : Eureka HTTP Client uses RestClient.
2026-06-17T13:38:26.314+05:30  WARN 54840 --- [RECOMMENDATION-SERVICE] [main] iguration$LoadBalancerCaffeineWarnLogger : Spring Cloud LoadBalancer is currently working with the default cache. While this cache implementation is useful for development and tests, it's recommended to use Caffeine cache in production.You can switch to using Caffeine cache, by adding it and org.springframework.cache.caffeine.CaffeineCacheManager to the classpath.
2026-06-17T13:38:26.346+05:30  INFO 54840 --- [RECOMMENDATION-SERVICE] [main] o.s.b.a.e.web.EndpointLinksResolver      : Exposing 17 endpoints beneath base path '/actuator'
2026-06-17T13:38:26.490+05:30  INFO 54840 --- [RECOMMENDATION-SERVICE] [main] o.s.c.n.eureka.InstanceInfoFactory       : Setting initial instance status as: STARTING
2026-06-17T13:38:26.570+05:30  INFO 54840 --- [RECOMMENDATION-SERVICE] [main] com.netflix.discovery.DiscoveryClient    : Initializing Eureka in region us-east-1
2026-06-17T13:38:26.588+05:30  INFO 54840 --- [RECOMMENDATION-SERVICE] [main] c.n.d.s.r.aws.ConfigClusterResolver      : Resolving eureka endpoints via configuration
2026-06-17T13:38:26.624+05:30  INFO 54840 --- [RECOMMENDATION-SERVICE] [main] com.netflix.discovery.DiscoveryClient    : Disable delta property : false
2026-06-17T13:38:26.625+05:30  INFO 54840 --- [RECOMMENDATION-SERVICE] [main] com.netflix.discovery.DiscoveryClient    : Single vip registry refresh property : null
2026-06-17T13:38:26.625+05:30  INFO 54840 --- [RECOMMENDATION-SERVICE] [main] com.netflix.discovery.DiscoveryClient    : Force full registry fetch : false
2026-06-17T13:38:26.625+05:30  INFO 54840 --- [RECOMMENDATION-SERVICE] [main] com.netflix.discovery.DiscoveryClient    : Application is null : false
2026-06-17T13:38:26.625+05:30  INFO 54840 --- [RECOMMENDATION-SERVICE] [main] com.netflix.discovery.DiscoveryClient    : Registered Applications size is zero : true
2026-06-17T13:38:26.625+05:30  INFO 54840 --- [RECOMMENDATION-SERVICE] [main] com.netflix.discovery.DiscoveryClient    : Application version is -1: true
2026-06-17T13:38:26.627+05:30  INFO 54840 --- [RECOMMENDATION-SERVICE] [main] com.netflix.discovery.DiscoveryClient    : Getting all instance registry info from the eureka server
2026-06-17T13:38:27.522+05:30 DEBUG 54840 --- [RECOMMENDATION-SERVICE] [main] o.s.web.client.DefaultRestClient         : Reading to [com.netflix.discovery.shared.Applications]
2026-06-17T13:38:27.571+05:30  INFO 54840 --- [RECOMMENDATION-SERVICE] [main] com.netflix.discovery.DiscoveryClient    : The response status is 200
2026-06-17T13:38:27.574+05:30  INFO 54840 --- [RECOMMENDATION-SERVICE] [main] com.netflix.discovery.DiscoveryClient    : Starting heartbeat executor: renew interval is: 30
2026-06-17T13:38:27.579+05:30  INFO 54840 --- [RECOMMENDATION-SERVICE] [main] c.n.discovery.InstanceInfoReplicator     : InstanceInfoReplicator onDemand update allowed rate per min is 4
2026-06-17T13:38:27.582+05:30  INFO 54840 --- [RECOMMENDATION-SERVICE] [main] com.netflix.discovery.DiscoveryClient    : Discovery Client initialized at timestamp 1781683707581 with initial instances count: 6
2026-06-17T13:38:27.588+05:30  INFO 54840 --- [RECOMMENDATION-SERVICE] [main] o.s.c.n.e.s.EurekaServiceRegistry        : Registering application RECOMMENDATION-SERVICE with eureka with status UP
2026-06-17T13:38:27.589+05:30  INFO 54840 --- [RECOMMENDATION-SERVICE] [main] com.netflix.discovery.DiscoveryClient    : Saw local status change event StatusChangeEvent [timestamp=1781683707589, current=UP, previous=STARTING]
2026-06-17T13:38:27.593+05:30  INFO 54840 --- [RECOMMENDATION-SERVICE] [DiscoveryClient-InstanceInfoReplicator-%d] com.netflix.discovery.DiscoveryClient    : DiscoveryClient_RECOMMENDATION-SERVICE/Dell:RECOMMENDATION-SERVICE:8085: registering service...
2026-06-17T13:38:27.622+05:30  INFO 54840 --- [RECOMMENDATION-SERVICE] [main] .r.RecommendationServiceApplicationTests : Started RecommendationServiceApplicationTests in 10.549 seconds (process running for 13.315)
2026-06-17T13:38:27.642+05:30 DEBUG 54840 --- [RECOMMENDATION-SERVICE] [DiscoveryClient-InstanceInfoReplicator-%d] o.s.web.client.DefaultRestClient         : Writing [InstanceInfo [instanceId = Dell:RECOMMENDATION-SERVICE:8085, appName = RECOMMENDATION-SERVICE, hostName = Dell, status = UP, ipAddr = 10.183.235.24, port = 8085, securePort = 443, dataCenterInfo = com.netflix.appinfo.MyDataCenterInfo@6a2badb1] as "application/json" with org.springframework.http.converter.json.MappingJackson2HttpMessageConverter
2026-06-17T13:38:27.735+05:30  INFO 54840 --- [RECOMMENDATION-SERVICE] [DiscoveryClient-InstanceInfoReplicator-%d] com.netflix.discovery.DiscoveryClient    : DiscoveryClient_RECOMMENDATION-SERVICE/Dell:RECOMMENDATION-SERVICE:8085 - registration status: 204
2026-06-17T13:38:29.182+05:30 DEBUG 54840 --- [RECOMMENDATION-SERVICE] [SpringApplicationShutdownHook] o.s.w.c.s.GenericWebApplicationContext   : Closing org.springframework.web.context.support.GenericWebApplicationContext@36a6bea6, started on Wed Jun 17 13:38:18 IST 2026
2026-06-17T13:38:29.183+05:30  INFO 54840 --- [RECOMMENDATION-SERVICE] [SpringApplicationShutdownHook] o.s.c.n.e.s.EurekaServiceRegistry        : Unregistering application RECOMMENDATION-SERVICE with eureka with status DOWN
2026-06-17T13:38:29.184+05:30  INFO 54840 --- [RECOMMENDATION-SERVICE] [SpringApplicationShutdownHook] com.netflix.discovery.DiscoveryClient    : Saw local status change event StatusChangeEvent [timestamp=1781683709184, current=DOWN, previous=UP]
2026-06-17T13:38:29.185+05:30  INFO 54840 --- [RECOMMENDATION-SERVICE] [DiscoveryClient-InstanceInfoReplicator-%d] com.netflix.discovery.DiscoveryClient    : DiscoveryClient_RECOMMENDATION-SERVICE/Dell:RECOMMENDATION-SERVICE:8085: registering service...
2026-06-17T13:38:29.186+05:30 DEBUG 54840 --- [RECOMMENDATION-SERVICE] [DiscoveryClient-InstanceInfoReplicator-%d] o.s.web.client.DefaultRestClient         : Writing [InstanceInfo [instanceId = Dell:RECOMMENDATION-SERVICE:8085, appName = RECOMMENDATION-SERVICE, hostName = Dell, status = DOWN, ipAddr = 10.183.235.24, port = 8085, securePort = 443, dataCenterInfo = com.netflix.appinfo.MyDataCenterInfo@6a2badb1] as "application/json" with org.springframework.http.converter.json.MappingJackson2HttpMessageConverter
2026-06-17T13:38:29.194+05:30  INFO 54840 --- [RECOMMENDATION-SERVICE] [DiscoveryClient-InstanceInfoReplicator-%d] com.netflix.discovery.DiscoveryClient    : DiscoveryClient_RECOMMENDATION-SERVICE/Dell:RECOMMENDATION-SERVICE:8085 - registration status: 204
2026-06-17T13:38:29.212+05:30  INFO 54840 --- [RECOMMENDATION-SERVICE] [SpringApplicationShutdownHook] com.netflix.discovery.DiscoveryClient    : Shutting down DiscoveryClient ...
2026-06-17T13:38:32.216+05:30  INFO 54840 --- [RECOMMENDATION-SERVICE] [SpringApplicationShutdownHook] com.netflix.discovery.DiscoveryClient    : Unregistering ...
2026-06-17T13:38:32.234+05:30  INFO 54840 --- [RECOMMENDATION-SERVICE] [SpringApplicationShutdownHook] com.netflix.discovery.DiscoveryClient    : DiscoveryClient_RECOMMENDATION-SERVICE/Dell:RECOMMENDATION-SERVICE:8085 - deregister  status: 200
2026-06-17T13:38:32.235+05:30  INFO 54840 --- [RECOMMENDATION-SERVICE] [SpringApplicationShutdownHook] com.netflix.discovery.DiscoveryClient    : Completed shut down of DiscoveryClient
